// Jest Snapshot v1, https://goo.gl/fbAQLP

exports[`renders 1`] = `
<div>
  <div
    className="hero background-image"
  >
    <h1>
      Essays
    </h1>
  </div>
  <div
    className="container"
  >
    <blockquote>
      "They couldn't walk, couldn't talk, kept on saying we should say "Kaddish" after them, we should remember them."
    </blockquote>
    <p
      className="center-text"
    >
      â€”Oral History Interview with Suzanne Claire Holzer-Wester, USHMM, RG-50.061*0010.
    </p>
    <p>
      This part of Let them speak features essays by Gabor Mihaly Toth on each experience domains presented in the anthology of fragments. Content is under development.
    </p>
    <div
      className="essay-titles"
    >
      <h2>
        Table of Contents
      </h2>
      <a
        className="essay-title"
        href="/assets/files/sample.pdf"
        target="_blank"
      >
        1
        . 
        The Perspective of the Voiceless
      </a>
      <a
        className="essay-title"
        href="/assets/files/sample.pdf"
        target="_blank"
      >
        2
        . 
        Nakedness
      </a>
      <a
        className="essay-title"
        href="/assets/files/sample.pdf"
        target="_blank"
      >
        3
        . 
        Shaking
      </a>
      <a
        className="essay-title"
        href="/assets/files/sample.pdf"
        target="_blank"
      >
        4
        . 
        Yelling and screaming
      </a>
      <a
        className="essay-title"
        href="/assets/files/sample.pdf"
        target="_blank"
      >
        5
        . 
        Maltreatment
      </a>
      <a
        className="essay-title"
        href="/assets/files/sample.pdf"
        target="_blank"
      >
        6
        . 
        Running
      </a>
      <a
        className="essay-title"
        href="/assets/files/sample.pdf"
        target="_blank"
      >
        7
        . 
        Fear
      </a>
      <a
        className="essay-title"
        href="/assets/files/sample.pdf"
        target="_blank"
      >
        8
        . 
        Guilt
      </a>
      <a
        className="essay-title"
        href="/assets/files/sample.pdf"
        target="_blank"
      >
        9
        . 
        Shame
      </a>
    </div>
  </div>
</div>
`;
